2025-07-08 11:32:38,017 - INFO - [main:865] - 🚀 STARTING COMPLETE MODEL PIPELINE
2025-07-08 11:32:38,018 - INFO - [main:866] - ============================================================
2025-07-08 11:32:38,018 - INFO - [setup_environment:95] - === SETTING UP ENVIRONMENT ===
2025-07-08 11:32:39,803 - INFO - [setup_environment:108] - ✓ PyTorch imported successfully - Version: 2.7.1
2025-07-08 11:32:39,804 - INFO - [setup_environment:114] - ✓ Directories created
2025-07-08 11:32:39,804 - INFO - [load_mnist_data:125] - === LOADING MNIST DATASET ===
2025-07-08 11:32:39,826 - INFO - [load_mnist_data:135] - ✓ Training samples: 60000
2025-07-08 11:32:39,827 - INFO - [load_mnist_data:136] - ✓ Test samples: 10000
2025-07-08 11:32:39,827 - INFO - [train_model:172] - === TRAINING MODEL WITH SGD ===
2025-07-08 11:32:39,829 - INFO - [__init__:158] - ✓ SimpleNN initialized: 784 -> 128 -> 10
2025-07-08 11:32:40,290 - INFO - [train_model:203] -     Epoch 1, Batch 200, Loss: 1.9203
2025-07-08 11:32:40,685 - INFO - [train_model:203] -     Epoch 1, Batch 400, Loss: 1.1993
2025-07-08 11:32:41,064 - INFO - [train_model:203] -     Epoch 1, Batch 600, Loss: 0.8224
2025-07-08 11:32:41,446 - INFO - [train_model:203] -     Epoch 1, Batch 800, Loss: 0.8172
2025-07-08 11:32:41,707 - INFO - [train_model:206] -   Epoch 1 completed - Average Loss: 1.2645
2025-07-08 11:32:42,089 - INFO - [train_model:203] -     Epoch 2, Batch 200, Loss: 0.9172
2025-07-08 11:32:42,477 - INFO - [train_model:203] -     Epoch 2, Batch 400, Loss: 0.7028
2025-07-08 11:32:42,864 - INFO - [train_model:203] -     Epoch 2, Batch 600, Loss: 0.3507
2025-07-08 11:32:43,290 - INFO - [train_model:203] -     Epoch 2, Batch 800, Loss: 0.3470
2025-07-08 11:32:43,560 - INFO - [train_model:206] -   Epoch 2 completed - Average Loss: 0.4982
2025-07-08 11:32:43,942 - INFO - [train_model:203] -     Epoch 3, Batch 200, Loss: 0.4020
2025-07-08 11:32:44,330 - INFO - [train_model:203] -     Epoch 3, Batch 400, Loss: 0.3925
2025-07-08 11:32:44,723 - INFO - [train_model:203] -     Epoch 3, Batch 600, Loss: 0.4436
2025-07-08 11:32:45,112 - INFO - [train_model:203] -     Epoch 3, Batch 800, Loss: 0.2537
2025-07-08 11:32:45,381 - INFO - [train_model:206] -   Epoch 3 completed - Average Loss: 0.3934
2025-07-08 11:32:45,381 - INFO - [train_model:208] - ✓ SGD training completed
2025-07-08 11:32:45,381 - INFO - [evaluate_model:217] - === EVALUATING MODEL ===
2025-07-08 11:32:45,637 - INFO - [evaluate_model:232] - ✓ Model accuracy: 90.34%
2025-07-08 11:32:45,637 - INFO - [train_model:172] - === TRAINING MODEL WITH Adam ===
2025-07-08 11:32:45,637 - INFO - [__init__:158] - ✓ SimpleNN initialized: 784 -> 128 -> 10
2025-07-08 11:32:46,113 - INFO - [train_model:203] -     Epoch 1, Batch 200, Loss: 0.2646
2025-07-08 11:32:46,573 - INFO - [train_model:203] -     Epoch 1, Batch 400, Loss: 0.2383
2025-07-08 11:32:47,034 - INFO - [train_model:203] -     Epoch 1, Batch 600, Loss: 0.2402
2025-07-08 11:32:47,499 - INFO - [train_model:203] -     Epoch 1, Batch 800, Loss: 0.2934
2025-07-08 11:32:47,826 - INFO - [train_model:206] -   Epoch 1 completed - Average Loss: 0.3344
2025-07-08 11:32:48,287 - INFO - [train_model:203] -     Epoch 2, Batch 200, Loss: 0.1818
2025-07-08 11:32:48,744 - INFO - [train_model:203] -     Epoch 2, Batch 400, Loss: 0.0688
2025-07-08 11:32:49,212 - INFO - [train_model:203] -     Epoch 2, Batch 600, Loss: 0.0285
2025-07-08 11:32:49,694 - INFO - [train_model:203] -     Epoch 2, Batch 800, Loss: 0.1603
2025-07-08 11:32:50,015 - INFO - [train_model:206] -   Epoch 2 completed - Average Loss: 0.1516
2025-07-08 11:32:50,494 - INFO - [train_model:203] -     Epoch 3, Batch 200, Loss: 0.0735
2025-07-08 11:32:51,013 - INFO - [train_model:203] -     Epoch 3, Batch 400, Loss: 0.2239
2025-07-08 11:32:51,468 - INFO - [train_model:203] -     Epoch 3, Batch 600, Loss: 0.0583
2025-07-08 11:32:51,934 - INFO - [train_model:203] -     Epoch 3, Batch 800, Loss: 0.2639
2025-07-08 11:32:52,266 - INFO - [train_model:206] -   Epoch 3 completed - Average Loss: 0.1066
2025-07-08 11:32:52,266 - INFO - [train_model:208] - ✓ Adam training completed
2025-07-08 11:32:52,266 - INFO - [evaluate_model:217] - === EVALUATING MODEL ===
2025-07-08 11:32:52,515 - INFO - [evaluate_model:232] - ✓ Model accuracy: 96.89%
2025-07-08 11:32:52,515 - INFO - [main:884] - 📊 SGD Accuracy: 90.34%
2025-07-08 11:32:52,515 - INFO - [main:885] - 📊 Adam Accuracy: 96.89%
2025-07-08 11:32:52,515 - INFO - [main:892] - 🏆 Best model: Adam with 96.89% accuracy
2025-07-08 11:32:52,515 - INFO - [save_models:241] - === SAVING MODELS ===
2025-07-08 11:32:52,519 - INFO - [save_models:246] - ✓ Model state dictionary saved
2025-07-08 11:32:52,519 - WARNING - [save_models:253] - ⚠️  Could not save complete model due to pickling issue: Can't get local object 'create_simple_nn_class.<locals>.SimpleNNClass'
2025-07-08 11:32:52,519 - INFO - [save_models:254] - ℹ️  This is normal for dynamically created classes. State dict saved successfully.
2025-07-08 11:32:52,519 - INFO - [load_models:262] - === LOADING MODELS ===
2025-07-08 11:32:52,519 - INFO - [__init__:158] - ✓ SimpleNN initialized: 784 -> 128 -> 10
2025-07-08 11:32:52,521 - INFO - [load_models:272] - ✓ Model loaded from state dictionary
2025-07-08 11:32:52,524 - WARNING - [load_models:285] - ⚠️  Could not load complete model: PytorchStreamReader failed locating file data.pkl: file not found
2025-07-08 11:32:52,524 - INFO - [load_models:286] - ℹ️  Using state dict model instead
2025-07-08 11:32:52,524 - INFO - [quantize_model:297] - === QUANTIZING MODEL ===
2025-07-08 11:32:52,542 - INFO - [quantize_model:322] - ✓ Model quantization successful
2025-07-08 11:32:52,542 - INFO - [quantize_model:328] -   Original model size: 0.39 MB
2025-07-08 11:32:52,542 - INFO - [quantize_model:329] -   Quantized model size: 0.00 MB
2025-07-08 11:32:52,542 - INFO - [quantize_model:330] -   Size reduction: 100.0%
2025-07-08 11:32:52,542 - INFO - [prune_model:351] - === PRUNING MODEL ===
2025-07-08 11:32:52,543 - INFO - [__init__:158] - ✓ SimpleNN initialized: 784 -> 128 -> 10
2025-07-08 11:32:52,550 - INFO - [prune_model:372] - ✓ Pruning completed
2025-07-08 11:32:52,550 - INFO - [prune_model:373] -   Original parameters: 101,770
2025-07-08 11:32:52,550 - INFO - [prune_model:374] -   Pruned parameters: 101,770
2025-07-08 11:32:52,550 - INFO - [prune_model:375] -   Parameter reduction: 0.0%
2025-07-08 11:32:52,550 - INFO - [convert_to_torchscript:385] - === CONVERTING TO TORCHSCRIPT ===
2025-07-08 11:32:52,602 - INFO - [convert_to_torchscript:396] - ✓ TorchScript model saved
2025-07-08 11:32:52,607 - INFO - [convert_to_torchscript:407] - ✓ TorchScript model verification passed
2025-07-08 11:32:52,607 - INFO - [convert_to_onnx:419] - === CONVERTING TO ONNX ===
2025-07-08 11:32:52,671 - INFO - [convert_to_onnx:440] - ✓ ONNX model exported
2025-07-08 11:32:52,732 - INFO - [convert_to_onnx:449] - ✓ ONNX model verification passed
2025-07-08 11:32:52,760 - INFO - [convert_to_onnx:461] - ✓ ONNX inference verification passed
2025-07-08 11:32:52,761 - INFO - [__init__:478] - ✓ Version manager initialized: model_versions
2025-07-08 11:32:52,761 - INFO - [save_versioned_model:482] - === SAVING VERSIONED MODEL: SimpleNN_MNIST ===
2025-07-08 11:32:52,766 - INFO - [save_versioned_model:518] - ✓ Model saved as version: SimpleNN_MNIST_v20250708_113252_a8c3181f
2025-07-08 11:32:52,767 - INFO - [list_versions:539] - ✓ Found 2 versions
2025-07-08 11:32:52,767 - INFO - [main:923] - 📋 Total model versions available: 2
2025-07-08 11:32:52,767 - INFO - [setup_azure_ml:548] - === SETTING UP AZURE ML CONNECTION ===
2025-07-08 11:32:55,757 - WARNING - [_fallback_to_azure_cli_credential:752] - Warning: Falling back to use azure cli login credentials.
If you run your code in unattended mode, i.e., where you can't give a user input, then we recommend to use ServicePrincipalAuthentication or MsiAuthentication.
Please refer to aka.ms/aml-notebook-auth for different authentication mechanisms in azureml-sdk.
2025-07-08 11:32:56,566 - INFO - [setup_azure_ml:568] - ✓ Azure ML workspace connected (v1 SDK)
2025-07-08 11:32:56,566 - INFO - [__init__:114] - No environment configuration found.
2025-07-08 11:32:56,569 - INFO - [__init__:145] - ManagedIdentityCredential will use IMDS
2025-07-08 11:32:56,761 - INFO - [setup_azure_ml:576] - ✓ Azure ML v2 client created
2025-07-08 11:32:56,761 - INFO - [register_model_azure:596] - === REGISTERING MODEL IN AZURE ML ===
2025-07-08 11:32:56,762 - INFO - [from_config:291] - Found the config file in: /Users/luisvalencia/Documents/PythonPersonalProjects/mmlbook/Chapter20/.azureml/config.json
2025-07-08 11:32:57,597 - INFO - [_get_worker_pool:192] - Created a worker pool for first use
2025-07-08 11:33:01,617 - INFO - [register_model_azure:619] - ✓ Model registered: SimpleNN-MNIST, Version: 32
2025-07-08 11:33:01,618 - INFO - [create_deployment_files:628] - === CREATING DEPLOYMENT FILES ===
2025-07-08 11:33:01,619 - INFO - [create_deployment_files:653] - ✓ Environment specification created
2025-07-08 11:33:01,619 - INFO - [create_deployment_files:765] - ✓ Scoring script created
2025-07-08 11:33:01,620 - INFO - [deploy_to_azure:777] - === DEPLOYING TO AZURE ML ===
2025-07-08 11:33:03,694 - INFO - [get_token_info:190] - DefaultAzureCredential acquired a token from AzureCliCredential
2025-07-08 11:33:05,426 - INFO - [wrapper:24] - AzureCliCredential.get_token_info succeeded
2025-07-08 11:33:05,426 - INFO - [get_token_info:271] - DefaultAzureCredential acquired a token from AzureCliCredential
2025-07-08 11:33:08,661 - INFO - [deploy_to_azure:802] - ✓ Model registered as version 33
2025-07-08 11:33:08,949 - INFO - [wrapper:24] - AzureCliCredential.get_token_info succeeded
2025-07-08 11:33:08,949 - INFO - [get_token_info:271] - DefaultAzureCredential acquired a token from AzureCliCredential
2025-07-08 11:33:11,498 - INFO - [deploy_to_azure:813] - ✓ Environment created: pytorch-mnist-inference-v3:2
2025-07-08 11:33:11,824 - INFO - [wrapper:24] - AzureCliCredential.get_token_info succeeded
2025-07-08 11:33:11,824 - INFO - [get_token_info:271] - DefaultAzureCredential acquired a token from AzureCliCredential
2025-07-08 11:33:12,235 - INFO - [deploy_to_azure:818] - ✓ Deleted existing endpoint
2025-07-08 11:33:32,614 - INFO - [wrapper:24] - AzureCliCredential.get_token_info succeeded
2025-07-08 11:33:32,614 - INFO - [get_token_info:271] - DefaultAzureCredential acquired a token from AzureCliCredential
